  Determining projects to restore...
  All projects are up-to-date for restore.
  Archery.Shared -> C:\Users\david\source\repos\GoldArrowTracker\Archery.Shared\bin\Debug\net10.0\Archery.Shared.dll
C:\Users\david\source\repos\GoldArrowTracker\GoldTracker.Shared.UI\Components\Pages\Sessions\Sessions.razor.cs(18,39): error CS0115: 'Sessions.OnInitializedAsync()': no suitable method found to override [C:\Users\david\source\repos\GoldArrowTracker\GoldTracker.Shared.UI\GoldTracker.Shared.UI.csproj]
C:\Users\david\source\repos\GoldArrowTracker\GoldTracker.Shared.UI\Components\Pages\Sessions\SessionComprehensiveDetail.razor.cs(65,39): error CS0115: 'SessionComprehensiveDetail.OnInitializedAsync()': no suitable method found to override [C:\Users\david\source\repos\GoldArrowTracker\GoldTracker.Shared.UI\GoldTracker.Shared.UI.csproj]
C:\Users\david\source\repos\GoldArrowTracker\GoldTracker.Shared.UI\Components\Pages\Sessions\SessionDetail.razor.cs(24,39): error CS0115: 'SessionDetail.OnInitializedAsync()': no suitable method found to override [C:\Users\david\source\repos\GoldArrowTracker\GoldTracker.Shared.UI\GoldTracker.Shared.UI.csproj]
C:\Users\david\source\repos\GoldArrowTracker\GoldTracker.Shared.UI\Components\Pages\NotFound.razor(2,9): error CS0246: The type or namespace name 'MainLayout' could not be found (are you missing a using directive or an assembly reference?) [C:\Users\david\source\repos\GoldArrowTracker\GoldTracker.Shared.UI\GoldTracker.Shared.UI.csproj]
C:\Users\david\source\repos\GoldArrowTracker\GoldTracker.Shared.UI\Components\Pages\Sessions\SessionLive.razor.cs(18,33): error CS0115: 'SessionLive.OnInitialized()': no suitable method found to override [C:\Users\david\source\repos\GoldArrowTracker\GoldTracker.Shared.UI\GoldTracker.Shared.UI.csproj]
C:\Users\david\source\repos\GoldArrowTracker\GoldTracker.Shared.UI\Components\Pages\Sessions\SessionEndDetail.razor.cs(16,26): error CS0246: The type or namespace name 'ImageProcessingService' could not be found (are you missing a using directive or an assembly reference?) [C:\Users\david\source\repos\GoldArrowTracker\GoldTracker.Shared.UI\GoldTracker.Shared.UI.csproj]
C:\Users\david\source\repos\GoldArrowTracker\GoldTracker.Shared.UI\Components\Pages\Sessions\SessionEndDetail.razor.cs(34,39): error CS0115: 'SessionEndDetail.OnParametersSetAsync()': no suitable method found to override [C:\Users\david\source\repos\GoldArrowTracker\GoldTracker.Shared.UI\GoldTracker.Shared.UI.csproj]
C:\Users\david\source\repos\GoldArrowTracker\GoldTracker.Shared.UI\Components\Pages\Sessions\SessionEndDetail.razor.cs(39,39): error CS0115: 'SessionEndDetail.OnAfterRenderAsync(bool)': no suitable method found to override [C:\Users\david\source\repos\GoldArrowTracker\GoldTracker.Shared.UI\GoldTracker.Shared.UI.csproj]

Build FAILED.

C:\Users\david\source\repos\GoldArrowTracker\GoldTracker.Shared.UI\Components\Pages\Sessions\Sessions.razor.cs(18,39): error CS0115: 'Sessions.OnInitializedAsync()': no suitable method found to override [C:\Users\david\source\repos\GoldArrowTracker\GoldTracker.Shared.UI\GoldTracker.Shared.UI.csproj]
C:\Users\david\source\repos\GoldArrowTracker\GoldTracker.Shared.UI\Components\Pages\Sessions\SessionComprehensiveDetail.razor.cs(65,39): error CS0115: 'SessionComprehensiveDetail.OnInitializedAsync()': no suitable method found to override [C:\Users\david\source\repos\GoldArrowTracker\GoldTracker.Shared.UI\GoldTracker.Shared.UI.csproj]
C:\Users\david\source\repos\GoldArrowTracker\GoldTracker.Shared.UI\Components\Pages\Sessions\SessionDetail.razor.cs(24,39): error CS0115: 'SessionDetail.OnInitializedAsync()': no suitable method found to override [C:\Users\david\source\repos\GoldArrowTracker\GoldTracker.Shared.UI\GoldTracker.Shared.UI.csproj]
C:\Users\david\source\repos\GoldArrowTracker\GoldTracker.Shared.UI\Components\Pages\NotFound.razor(2,9): error CS0246: The type or namespace name 'MainLayout' could not be found (are you missing a using directive or an assembly reference?) [C:\Users\david\source\repos\GoldArrowTracker\GoldTracker.Shared.UI\GoldTracker.Shared.UI.csproj]
C:\Users\david\source\repos\GoldArrowTracker\GoldTracker.Shared.UI\Components\Pages\Sessions\SessionLive.razor.cs(18,33): error CS0115: 'SessionLive.OnInitialized()': no suitable method found to override [C:\Users\david\source\repos\GoldArrowTracker\GoldTracker.Shared.UI\GoldTracker.Shared.UI.csproj]
C:\Users\david\source\repos\GoldArrowTracker\GoldTracker.Shared.UI\Components\Pages\Sessions\SessionEndDetail.razor.cs(16,26): error CS0246: The type or namespace name 'ImageProcessingService' could not be found (are you missing a using directive or an assembly reference?) [C:\Users\david\source\repos\GoldArrowTracker\GoldTracker.Shared.UI\GoldTracker.Shared.UI.csproj]
C:\Users\david\source\repos\GoldArrowTracker\GoldTracker.Shared.UI\Components\Pages\Sessions\SessionEndDetail.razor.cs(34,39): error CS0115: 'SessionEndDetail.OnParametersSetAsync()': no suitable method found to override [C:\Users\david\source\repos\GoldArrowTracker\GoldTracker.Shared.UI\GoldTracker.Shared.UI.csproj]
C:\Users\david\source\repos\GoldArrowTracker\GoldTracker.Shared.UI\Components\Pages\Sessions\SessionEndDetail.razor.cs(39,39): error CS0115: 'SessionEndDetail.OnAfterRenderAsync(bool)': no suitable method found to override [C:\Users\david\source\repos\GoldArrowTracker\GoldTracker.Shared.UI\GoldTracker.Shared.UI.csproj]
    0 Warning(s)
    8 Error(s)

Time Elapsed 00:00:00.92
